w;w;w;w;w;f;f;f;f;f;f;f;f;f;f;w;w;w;w;W;p;W;w;w;w;w;f;f;f;f;f;f;w;w;w;w;w;w;w;w
w;w;w;w;w;f;f;f;f;f;f;f;f;f;f;f;f;f;f;W;p;W;f;f;f;f;f;f;f;f;f;w;w;f;f;w;f;f;f;w
w;w;w;f;f;f;f;f;f;f;f;f;f;f;f;f;f;W;W;W;p;W;W;f;f;f;f;f;f;f;f;f;f;f;f;f;f;f;f;w
W;W;f;f;f;f;f;f;f;f;f;f;f;f;f;f;f;W;c;c;c;c;W;f;f;f;f;f;f;f;f;f;f;f;f;f;f;f;f;W
p;p;p;p;p;p;p;f;f;f;f;f;p;p;p;p;p;p;c;c;c;c;p;p;p;f;f;f;f;f;f;f;f;f;f;f;f;f;p;p
W;W;f;f;f;f;p;p;f;f;f;p;p;f;f;f;f;W;c;c;c;c;W;f;p;p;p;f;f;f;f;f;f;f;f;f;f;f;p;W
w;w;f;f;f;f;f;p;f;f;f;p;f;f;f;f;f;W;c;c;c;c;W;f;f;f;p;f;f;f;f;f;f;f;f;f;f;f;p;w
w;w;w;f;f;f;f;p;p;p;p;p;f;f;f;f;f;W;W;W;W;W;W;f;f;f;p;p;p;f;f;f;f;f;f;f;f;p;p;w
w;w;w;w;w;f;f;f;f;p;f;f;f;f;f;f;f;f;f;f;w;f;f;f;f;f;f;f;p;w;w;w;w;w;w;w;w;p;w;w
w;w;w;f;f;f;f;f;p;p;f;f;f;f;f;f;f;f;f;f;w;f;f;f;f;f;f;f;p;w;w;w;w;w;w;w;w;p;w;w
w;w;w;f;f;f;f;f;p;f;f;f;f;f;f;f;f;f;f;w;w;f;f;f;f;f;f;p;p;w;w;w;w;w;w;w;p;p;f;w
w;w;w;w;w;w;w;w;p;f;f;f;f;f;f;f;f;f;f;w;w;w;w;f;f;f;p;p;w;w;w;w;w;w;w;w;p;f;f;w
w;w;w;w;p;p;p;p;p;p;f;f;f;f;f;f;f;f;f;w;w;w;f;f;f;p;p;w;w;w;w;w;w;w;w;w;p;f;w;w
w;w;w;w;p;w;w;w;w;p;f;f;f;f;f;f;f;f;f;f;f;w;f;f;f;p;w;w;w;w;w;w;w;w;w;p;p;f;w;w
w;w;W;W;p;W;w;w;w;p;p;f;f;f;f;f;f;f;f;f;f;f;f;f;f;p;p;p;w;w;w;w;w;w;w;p;f;f;w;w
w;w;W;c;c;W;w;w;w;w;p;f;f;f;f;f;f;f;f;f;f;f;f;f;f;f;f;p;f;f;f;f;f;f;f;p;f;f;f;w
w;w;W;c;c;W;w;w;w;w;p;f;f;f;f;f;f;f;f;f;f;f;f;f;f;f;f;p;p;p;f;f;f;f;f;p;p;f;f;w
w;w;W;c;c;W;w;w;w;w;p;f;f;f;f;f;f;f;f;f;f;f;f;f;f;f;f;f;f;p;p;p;p;p;p;f;p;f;w;w
w;w;W;c;c;W;w;w;w;w;p;p;p;p;p;p;p;p;w;w;w;f;f;f;f;f;f;f;f;f;f;p;f;w;p;p;p;w;w;w
w;w;W;W;p;W;w;w;w;w;w;w;w;w;w;w;w;p;p;p;w;f;f;f;f;f;f;f;W;W;W;p;W;w;w;w;w;w;w;w
w;w;w;w;p;w;w;w;w;w;w;w;w;w;w;w;w;w;w;p;p;f;f;f;f;f;f;f;W;c;c;c;W;w;w;w;w;w;w;w
w;w;w;w;p;w;w;w;w;w;w;w;w;w;w;w;w;w;w;w;p;f;f;f;f;f;f;f;W;c;c;c;W;w;w;w;w;w;w;w
w;w;w;w;p;p;w;w;w;w;w;w;w;w;w;w;w;w;w;w;p;f;f;f;f;f;f;f;W;W;p;W;W;w;w;w;w;w;w;w
w;w;w;w;w;p;p;p;w;w;w;w;w;w;w;w;w;w;w;w;p;f;f;f;f;f;f;f;f;f;p;w;w;w;w;w;w;w;w;w
w;w;w;w;w;w;w;p;p;w;w;w;w;w;p;p;p;p;w;w;p;f;f;f;f;f;f;f;f;f;p;w;w;w;w;w;w;w;w;w
w;w;w;w;w;w;w;w;p;w;w;w;w;w;p;w;w;p;p;p;p;f;f;f;f;f;f;p;p;p;p;w;w;w;w;w;w;w;w;w
w;w;w;w;w;w;w;w;p;p;p;p;p;p;p;w;w;w;w;w;p;f;f;f;f;f;f;p;w;w;w;w;w;w;w;w;w;w;w;w
w;w;w;w;w;w;w;w;w;w;w;w;w;w;w;w;w;w;w;w;p;p;p;p;p;p;p;p;w;w;w;w;w;w;w;w;w;w;w;w
w;w;w;w;w;w;w;w;w;w;w;w;w;w;w;w;w;w;w;W;p;W;w;w;w;w;w;w;w;w;w;w;w;w;w;w;w;w;w;w
w;w;w;w;w;w;w;w;w;w;w;w;w;w;w;w;w;w;w;W;p;W;w;w;w;w;w;w;w;w;w;w;w;w;w;w;w;w;w;w

{
    "Map": {
        "mapName": "Default map",
        "hero_cell_xy": [0, 4]
    },
    "Treasure": [
        {
        "x": 20,
        "y": 16,
        "state": 1,
        "lock": "True",
        "loot":
            {
            "Gold": 100,
            "Item": ["i1", "i1"]
            }
        },
        {
        "x": 37,
        "y": 5,
        "state": 1,
        "lock": "True",
        "loot":
            {
            "Gold": 140,
            "Item": [null]
            }
        }
    ],
    "Trap": [
        {
        "x": 10,
        "y": 16
        }
    ]
}
